============================= test session starts =============================
platform win32 -- Python 3.14.0, pytest-9.0.3, pluggy-1.6.0 -- C:\Users\krist\AppData\Local\Python\pythoncore-3.14-64\python.exe
cachedir: .pytest_cache
rootdir: C:\Users\krist\Desktop\Boardgame\BoardGameCafe\boardgame_cafe
configfile: pytest.ini (WARNING: ignoring pytest config in setup.cfg!)
collecting ... collected 65 items / 4 errors

=================================== ERRORS ====================================
___ ERROR collecting tests/users/unit/presentation/auth/test_auth_login.py ____
ImportError while importing test module 'C:\Users\krist\Desktop\Boardgame\BoardGameCafe\boardgame_cafe\tests\users\unit\presentation\auth\test_auth_login.py'.
Hint: make sure your test modules/packages have valid Python names.
Traceback:
..\..\..\AppData\Local\Python\pythoncore-3.14-64\Lib\site-packages\_pytest\python.py:507: in importtestmodule
    mod = import_path(
..\..\..\AppData\Local\Python\pythoncore-3.14-64\Lib\site-packages\_pytest\pathlib.py:587: in import_path
    importlib.import_module(module_name)
..\..\..\AppData\Local\Python\pythoncore-3.14-64\Lib\importlib\__init__.py:88: in import_module
    return _bootstrap._gcd_import(name[level:], package, level)
           ^^^^^^^^^^^^^^^^^^^^^^^^^^^^^^^^^^^^^^^^^^^^^^^^^^^^
<frozen importlib._bootstrap>:1398: in _gcd_import
    ???
<frozen importlib._bootstrap>:1371: in _find_and_load
    ???
<frozen importlib._bootstrap>:1342: in _find_and_load_unlocked
    ???
<frozen importlib._bootstrap>:938: in _load_unlocked
    ???
..\..\..\AppData\Local\Python\pythoncore-3.14-64\Lib\site-packages\_pytest\assertion\rewrite.py:197: in exec_module
    exec(co, module.__dict__)
boardgame_cafe\tests\users\unit\presentation\auth\test_auth_login.py:18: in <module>
    from features.users.presentation.api import auth_routes
boardgame_cafe\src\features\users\presentation\__init__.py:1: in <module>
    from .api import auth_bp, steward_bp
boardgame_cafe\src\features\users\presentation\api\__init__.py:1: in <module>
    from .auth_routes import bp as auth_bp
boardgame_cafe\src\features\users\presentation\api\auth_routes.py:2: in <module>
    from flask_login import logout_user, login_required, current_user
E   ModuleNotFoundError: No module named 'flask_login'
__ ERROR collecting tests/users/unit/presentation/auth/test_auth_register.py __
ImportError while importing test module 'C:\Users\krist\Desktop\Boardgame\BoardGameCafe\boardgame_cafe\tests\users\unit\presentation\auth\test_auth_register.py'.
Hint: make sure your test modules/packages have valid Python names.
Traceback:
..\..\..\AppData\Local\Python\pythoncore-3.14-64\Lib\site-packages\_pytest\python.py:507: in importtestmodule
    mod = import_path(
..\..\..\AppData\Local\Python\pythoncore-3.14-64\Lib\site-packages\_pytest\pathlib.py:587: in import_path
    importlib.import_module(module_name)
..\..\..\AppData\Local\Python\pythoncore-3.14-64\Lib\importlib\__init__.py:88: in import_module
    return _bootstrap._gcd_import(name[level:], package, level)
           ^^^^^^^^^^^^^^^^^^^^^^^^^^^^^^^^^^^^^^^^^^^^^^^^^^^^
<frozen importlib._bootstrap>:1398: in _gcd_import
    ???
<frozen importlib._bootstrap>:1371: in _find_and_load
    ???
<frozen importlib._bootstrap>:1342: in _find_and_load_unlocked
    ???
<frozen importlib._bootstrap>:938: in _load_unlocked
    ???
..\..\..\AppData\Local\Python\pythoncore-3.14-64\Lib\site-packages\_pytest\assertion\rewrite.py:197: in exec_module
    exec(co, module.__dict__)
boardgame_cafe\tests\users\unit\presentation\auth\test_auth_register.py:17: in <module>
    from features.users.presentation.api import auth_routes
boardgame_cafe\src\features\users\presentation\__init__.py:1: in <module>
    from .api import auth_bp, steward_bp
boardgame_cafe\src\features\users\presentation\api\__init__.py:1: in <module>
    from .auth_routes import bp as auth_bp
boardgame_cafe\src\features\users\presentation\api\auth_routes.py:2: in <module>
    from flask_login import logout_user, login_required, current_user
E   ModuleNotFoundError: No module named 'flask_login'
__ ERROR collecting tests/users/unit/presentation/auth/test_auth_schemas.py ___
ImportError while importing test module 'C:\Users\krist\Desktop\Boardgame\BoardGameCafe\boardgame_cafe\tests\users\unit\presentation\auth\test_auth_schemas.py'.
Hint: make sure your test modules/packages have valid Python names.
Traceback:
..\..\..\AppData\Local\Python\pythoncore-3.14-64\Lib\site-packages\_pytest\python.py:507: in importtestmodule
    mod = import_path(
..\..\..\AppData\Local\Python\pythoncore-3.14-64\Lib\site-packages\_pytest\pathlib.py:587: in import_path
    importlib.import_module(module_name)
..\..\..\AppData\Local\Python\pythoncore-3.14-64\Lib\importlib\__init__.py:88: in import_module
    return _bootstrap._gcd_import(name[level:], package, level)
           ^^^^^^^^^^^^^^^^^^^^^^^^^^^^^^^^^^^^^^^^^^^^^^^^^^^^
<frozen importlib._bootstrap>:1398: in _gcd_import
    ???
<frozen importlib._bootstrap>:1371: in _find_and_load
    ???
<frozen importlib._bootstrap>:1342: in _find_and_load_unlocked
    ???
<frozen importlib._bootstrap>:938: in _load_unlocked
    ???
..\..\..\AppData\Local\Python\pythoncore-3.14-64\Lib\site-packages\_pytest\assertion\rewrite.py:197: in exec_module
    exec(co, module.__dict__)
boardgame_cafe\tests\users\unit\presentation\auth\test_auth_schemas.py:10: in <module>
    from features.users.presentation.schemas.auth_schema import LoginRequest
boardgame_cafe\src\features\users\presentation\__init__.py:1: in <module>
    from .api import auth_bp, steward_bp
boardgame_cafe\src\features\users\presentation\api\__init__.py:1: in <module>
    from .auth_routes import bp as auth_bp
boardgame_cafe\src\features\users\presentation\api\auth_routes.py:2: in <module>
    from flask_login import logout_user, login_required, current_user
E   ModuleNotFoundError: No module named 'flask_login'
_____ ERROR collecting tests/users/unit/presentation/test_schemas_user.py _____
ImportError while importing test module 'C:\Users\krist\Desktop\Boardgame\BoardGameCafe\boardgame_cafe\tests\users\unit\presentation\test_schemas_user.py'.
Hint: make sure your test modules/packages have valid Python names.
Traceback:
..\..\..\AppData\Local\Python\pythoncore-3.14-64\Lib\site-packages\_pytest\python.py:507: in importtestmodule
    mod = import_path(
..\..\..\AppData\Local\Python\pythoncore-3.14-64\Lib\site-packages\_pytest\pathlib.py:587: in import_path
    importlib.import_module(module_name)
..\..\..\AppData\Local\Python\pythoncore-3.14-64\Lib\importlib\__init__.py:88: in import_module
    return _bootstrap._gcd_import(name[level:], package, level)
           ^^^^^^^^^^^^^^^^^^^^^^^^^^^^^^^^^^^^^^^^^^^^^^^^^^^^
<frozen importlib._bootstrap>:1398: in _gcd_import
    ???
<frozen importlib._bootstrap>:1371: in _find_and_load
    ???
<frozen importlib._bootstrap>:1342: in _find_and_load_unlocked
    ???
<frozen importlib._bootstrap>:938: in _load_unlocked
    ???
..\..\..\AppData\Local\Python\pythoncore-3.14-64\Lib\site-packages\_pytest\assertion\rewrite.py:197: in exec_module
    exec(co, module.__dict__)
boardgame_cafe\tests\users\unit\presentation\test_schemas_user.py:11: in <module>
    from features.users.presentation.schemas.user_schema import UserUpdate, UserResponse
boardgame_cafe\src\features\users\presentation\__init__.py:1: in <module>
    from .api import auth_bp, steward_bp
boardgame_cafe\src\features\users\presentation\api\__init__.py:1: in <module>
    from .auth_routes import bp as auth_bp
boardgame_cafe\src\features\users\presentation\api\auth_routes.py:2: in <module>
    from flask_login import logout_user, login_required, current_user
E   ModuleNotFoundError: No module named 'flask_login'
=========================== short test summary info ===========================
ERROR boardgame_cafe\tests\users\unit\presentation\auth\test_auth_login.py
ERROR boardgame_cafe\tests\users\unit\presentation\auth\test_auth_register.py
ERROR boardgame_cafe\tests\users\unit\presentation\auth\test_auth_schemas.py
ERROR boardgame_cafe\tests\users\unit\presentation\test_schemas_user.py
!!!!!!!!!!!!!!!!!!! Interrupted: 4 errors during collection !!!!!!!!!!!!!!!!!!!
============================== 4 errors in 0.40s ==============================
